// Jest Snapshot v1, https://goo.gl/fbAQLP

exports[`<LearnConfidenceCoverageSample /> renders a learning component 1`] = `null`;
