// Jest Snapshot v1, https://goo.gl/fbAQLP

exports[`<LearnConfidenceCoverageNormal /> renders a learning component 1`] = `null`;
