// Jest Snapshot v1, https://goo.gl/fbAQLP

exports[`<LearnBinomialDistribution /> renders a learning component 1`] = `
<div
  className="card"
  style={
    Object {
      "margin": "10px auto",
      "maxWidth": 1200,
    }
  }
>
  <h3
    className="card-header"
  >
    binomial-distribution
  </h3>
  <div
    className="card-body"
  >
    <nav
      className="nav card-header-tabs nav-tabs"
      onKeyDown={[Function]}
      role="tablist"
    >
      <a
        aria-controls="binomial-tabs-tabpane-0"
        aria-selected={true}
        className="nav-item nav-link active"
        data-rb-event-key="0"
        href="#"
        id="binomial-tabs-tab-0"
        onClick={[Function]}
        onKeyDown={[Function]}
        role="tab"
      >
        <div />
      </a>
      <a
        aria-controls="binomial-tabs-tabpane-1"
        aria-selected={false}
        className="nav-item nav-link"
        data-rb-event-key="1"
        href="#"
        id="binomial-tabs-tab-1"
        onClick={[Function]}
        onKeyDown={[Function]}
        role="tab"
      >
        <div />
      </a>
      <a
        aria-controls="binomial-tabs-tabpane-2"
        aria-selected={false}
        className="nav-item nav-link"
        data-rb-event-key="2"
        href="#"
        id="binomial-tabs-tab-2"
        onClick={[Function]}
        onKeyDown={[Function]}
        role="tab"
      >
        <div />
      </a>
      <a
        aria-controls="binomial-tabs-tabpane-3"
        aria-selected={false}
        className="nav-item nav-link"
        data-rb-event-key="3"
        href="#"
        id="binomial-tabs-tab-3"
        onClick={[Function]}
        onKeyDown={[Function]}
        role="tab"
      >
        <div />
      </a>
    </nav>
    <div
      className="tab-content"
    >
      <div
        aria-hidden={false}
        aria-labelledby="binomial-tabs-tab-0"
        className="fade tab-pane active show"
        id="binomial-tabs-tabpane-0"
        role="tabpanel"
      >
        <div
          className="container"
        >
          <div
            className="row"
          >
            <div
              className="col-md-5"
            />
            <div
              className="col-md-7"
            />
          </div>
        </div>
      </div>
      <div
        aria-hidden={true}
        aria-labelledby="binomial-tabs-tab-1"
        className="fade tab-pane"
        id="binomial-tabs-tabpane-1"
        role="tabpanel"
      >
        <div
          className="container"
        >
          <div
            className="row"
          >
            <div
              className="col-md-4"
            />
            <div
              className="col-md-8"
            />
          </div>
        </div>
      </div>
      <div
        aria-hidden={true}
        aria-labelledby="binomial-tabs-tab-2"
        className="fade tab-pane"
        id="binomial-tabs-tabpane-2"
        role="tabpanel"
      >
        <div
          className="container"
        >
          <div
            className="row"
          >
            <div
              className="col-md-4"
            />
            <div
              className="col-md-8"
            />
          </div>
        </div>
      </div>
      <div
        aria-hidden={true}
        aria-labelledby="binomial-tabs-tab-3"
        className="fade tab-pane"
        id="binomial-tabs-tabpane-3"
        role="tabpanel"
      >
        <div
          className="container"
        >
          <div
            className="row"
          >
            <div
              className="col-md-4"
            />
            <div
              className="col-md-8"
            />
          </div>
        </div>
      </div>
    </div>
  </div>
</div>
`;
