// Jest Snapshot v1, https://goo.gl/fbAQLP

exports[`<LearnImagePixelPicker /> renders a learning component 1`] = `null`;
