// Jest Snapshot v1, https://goo.gl/fbAQLP

exports[`<LearnSOTU /> renders a learning component 1`] = `null`;
