// Jest Snapshot v1, https://goo.gl/fbAQLP

exports[`<BarChart /> renders a bar chart 1`] = `null`;
