// Jest Snapshot v1, https://goo.gl/fbAQLP

exports[`<ContourChart /> renders a contour chart 1`] = `null`;
