// Jest Snapshot v1, https://goo.gl/fbAQLP

exports[`<Histogram /> renders a histogram 1`] = `null`;
