// Jest Snapshot v1, https://goo.gl/fbAQLP

exports[`<QQPlot /> renders a quantile-quantile plot 1`] = `null`;
