// Jest Snapshot v1, https://goo.gl/fbAQLP

exports[`<ScatterPlotMatrix /> renders a scatter plot matrix 1`] = `null`;
