// Jest Snapshot v1, https://goo.gl/fbAQLP

exports[`<ScatterPlot /> renders a scatter plot 1`] = `null`;
