// Jest Snapshot v1, https://goo.gl/fbAQLP

exports[`<LassoRegression /> renders model output 1`] = `null`;
