// Jest Snapshot v1, https://goo.gl/fbAQLP

exports[`<MultipleLinearRegression /> renders model output 1`] = `null`;
