// Jest Snapshot v1, https://goo.gl/fbAQLP

exports[`<NaiveBayes /> renders model output 1`] = `null`;
