// Jest Snapshot v1, https://goo.gl/fbAQLP

exports[`<RandomForest /> renders model output 1`] = `null`;
