// Jest Snapshot v1, https://goo.gl/fbAQLP

exports[`<Accordion /> renders an accordion 1`] = `
<div
  className="accordion "
  style={null}
/>
`;
