// Jest Snapshot v1, https://goo.gl/fbAQLP

exports[`renders a beacon tooltip 1`] = `null`;
