// Jest Snapshot v1, https://goo.gl/fbAQLP

exports[`<FreeTextSurvey /> renders a survey 1`] = `null`;
