// Jest Snapshot v1, https://goo.gl/fbAQLP

exports[`<MultipleChoiceSurvey /> renders a survey 1`] = `null`;
