// Jest Snapshot v1, https://goo.gl/fbAQLP

exports[`<MultiCards /> renders a multiple cards component 1`] = `
<div
  style={
    Object {
      "animationDuration": undefined,
      "animationName": undefined,
      "overflow": "auto",
    }
  }
/>
`;
