// Jest Snapshot v1, https://goo.gl/fbAQLP

exports[`<NumberSurvey /> renders a survey 1`] = `null`;
