// Jest Snapshot v1, https://goo.gl/fbAQLP

exports[`<Plotly /> renders a Plotly visualization 1`] = `null`;
