// Jest Snapshot v1, https://goo.gl/fbAQLP

exports[`<ProportionsSurvey /> renders a survey 1`] = `null`;
