// Jest Snapshot v1, https://goo.gl/fbAQLP

exports[`<ShapedForm /> renders a shaped form 1`] = `null`;
