// Jest Snapshot v1, https://goo.gl/fbAQLP

exports[`<SortableTree /> renders a sortable tree 1`] = `null`;
