// Jest Snapshot v1, https://goo.gl/fbAQLP

exports[`<TextEditor /> renders a text editor 1`] = `null`;
