// Jest Snapshot v1, https://goo.gl/fbAQLP

exports[`<ContingencyTable /> renders a contingency table 1`] = `null`;
