// Jest Snapshot v1, https://goo.gl/fbAQLP

exports[`<FrequencyTable /> renders a frequency table 1`] = `null`;
