// Jest Snapshot v1, https://goo.gl/fbAQLP

exports[`<MatchListQuestion /> renders a match list question 1`] = `null`;
