// Jest Snapshot v1, https://goo.gl/fbAQLP

exports[`<MultipleChoiceMatrix /> renders a multiple choice question matrix 1`] = `null`;
