// Jest Snapshot v1, https://goo.gl/fbAQLP

exports[`<NumberQuestion /> renders a number question 1`] = `null`;
