// Jest Snapshot v1, https://goo.gl/fbAQLP

exports[`<OrderQuestion /> renders an order question 1`] = `null`;
