// Jest Snapshot v1, https://goo.gl/fbAQLP

exports[`<Quiz /> renders a quiz sampling from a list of questions 1`] = `null`;
