// Jest Snapshot v1, https://goo.gl/fbAQLP

exports[`<SelectQuestionMatrix /> renders a select question 1`] = `null`;
